// Jest Snapshot v1, https://goo.gl/fbAQLP

exports[`should render Header 1`] = `
<div
  className="App-header"
>
  <a
    className="Github-link"
    href="https://github.com/BrianDeJesus/ticTacToe"
  >
    View on Github
  </a>
  <h1
    className="App-title"
  >
    Tic-Tac-Toe
  </h1>
</div>
`;
